******************************************************************************
                  TI ARM Linker PC v5.2.5                      
******************************************************************************
>> Linked Wed Feb 10 02:50:00 2016

OUTPUT FILE NAME:   <Lab3.out>
ENTRY POINT SYMBOL: "_c_int00"  address: 00000e19


MEMORY CONFIGURATION

         name            origin    length      used     unused   attr    fill
----------------------  --------  ---------  --------  --------  ----  --------
  FLASH                 00000000   00040000  000011d0  0003ee30  R  X
  SRAM                  20000000   00008000  00000220  00007de0  RW X


SEGMENT ALLOCATION MAP

run origin  load origin   length   init length attrs members
----------  ----------- ---------- ----------- ----- -------
00000000    00000000    000011d0   000011d0    r-x
  00000000    00000000    0000026c   0000026c    r-- .intvecs
  0000026c    0000026c    00000e30   00000e30    r-x .text
  0000109c    0000109c    000000fc   000000fc    r-- .const
  00001198    00001198    00000038   00000038    r-- .cinit
20000000    20000000    00000220   00000000    rw-
  20000000    20000000    00000200   00000000    rw- .stack
  20000200    20000200    00000014   00000000    rw- .data
  20000214    20000214    0000000c   00000000    rw- .bss


SECTION ALLOCATION MAP

 output                                  attributes/
section   page    origin      length       input sections
--------  ----  ----------  ----------   ----------------
.intvecs   0    00000000    0000026c     
                  00000000    0000026c     tm4c123gh6pm_startup_ccs.obj (.intvecs)

.text      0    0000026c    00000e30     
                  0000026c    00000684     main.obj (.text)
                  000008f0    00000132     driverlib.lib : gpio.obj (.text:GPIOPadConfigSet)
                  00000a22    00000002     --HOLE-- [fill = 0]
                  00000a24    00000110                   : sysctl.obj (.text:SysCtlClockGet)
                  00000b34    000000f4                   : sysctl.obj (.text:SysCtlClockSet)
                  00000c28    0000009c     rtsv7M4_T_le_v4SPD16_eabi.lib : memcpy_t2.obj (.text)
                  00000cc4    0000007a                                   : memset_t2.obj (.text)
                  00000d3e    00000002     --HOLE-- [fill = 0]
                  00000d40    0000006c                                   : autoinit.obj (.text)
                  00000dac    0000006a                                   : copy_decompress_rle.obj (.text)
                  00000e16    00000002     --HOLE-- [fill = 0]
                  00000e18    00000050                                   : boot.obj (.text)
                  00000e68    0000004c                                   : cpy_tbl.obj (.text)
                  00000eb4    00000048     driverlib.lib : gpio.obj (.text:GPIOPinConfigure)
                  00000efc    00000044     rtsv7M4_T_le_v4SPD16_eabi.lib : exit.obj (.text)
                  00000f40    00000034     driverlib.lib : sysctl.obj (.text:SysCtlPeripheralEnable)
                  00000f74    0000002a                   : gpio.obj (.text:GPIODirModeSet)
                  00000f9e    00000022                   : pwm.obj (.text:PWMGenConfigure)
                  00000fc0    0000001e                   : pwm.obj (.text:PWMPulseWidthSet)
                  00000fde    00000002     --HOLE-- [fill = 0]
                  00000fe0    00000018     rtsv7M4_T_le_v4SPD16_eabi.lib : args_main.obj (.text)
                  00000ff8    00000014     driverlib.lib : sysctl.obj (.text:SysCtlPWMClockSet)
                  0000100c    00000014     rtsv7M4_T_le_v4SPD16_eabi.lib : _lock.obj (.text)
                  00001020    00000012     driverlib.lib : gpio.obj (.text:GPIOPinTypePWM)
                  00001032    00000012                   : pwm.obj (.text:PWMOutputState)
                  00001044    00000010                   : pwm.obj (.text:PWMGenPeriodSet)
                  00001054    0000000e     rtsv7M4_T_le_v4SPD16_eabi.lib : copy_decompress_none.obj (.text:decompress:none)
                  00001062    0000000c     driverlib.lib : pwm.obj (.text:PWMGenEnable)
                  0000106e    0000000c     rtsv7M4_T_le_v4SPD16_eabi.lib : copy_zero_init.obj (.text:decompress:ZI)
                  0000107a    0000000c     tm4c123gh6pm_startup_ccs.obj (.text)
                  00001086    00000006     driverlib.lib : gpio.obj (.text:GPIOPinRead)
                  0000108c    00000006                   : sysctl.obj (.text:SysCtlDelay)
                  00001092    00000006     rtsv7M4_T_le_v4SPD16_eabi.lib : copy_decompress_rle.obj (.text:decompress:rle24)
                  00001098    00000004                                   : pre_init.obj (.text)

.const     0    0000109c    000000fc     
                  0000109c    00000090     driverlib.lib : gpio.obj (.const:g_pui32GPIOBaseAddrs)
                  0000112c    0000006c                   : sysctl.obj (.const:g_pui32Xtals)

.cinit     0    00001198    00000038     
                  00001198    0000000f     (.cinit..data.load) [load image, compression = rle]
                  000011a7    00000001     --HOLE-- [fill = 0]
                  000011a8    0000000c     (__TI_handler_table)
                  000011b4    00000004     --HOLE-- [fill = 0]
                  000011b8    00000008     (.cinit..bss.load) [load image, compression = zero_init]
                  000011c0    00000010     (__TI_cinit_table)

.init_array 
*          0    00000000    00000000     UNINITIALIZED

.stack     0    20000000    00000200     UNINITIALIZED
                  20000000    00000200     --HOLE--

.data      0    20000200    00000014     UNINITIALIZED
                  20000200    00000008     rtsv7M4_T_le_v4SPD16_eabi.lib : _lock.obj (.data)
                  20000208    00000008                                   : exit.obj (.data)
                  20000210    00000004                                   : stkdepth_vars.obj (.data)

.bss       0    20000214    0000000c     UNINITIALIZED
                  20000214    00000004     (.common:num)
                  20000218    00000004     (.common:state)
                  2000021c    00000004     (.common:sw1)

.TI.persistent 
*          0    20000200    00000000     UNINITIALIZED

.TI.noinit 
*          0    20000214    00000000     UNINITIALIZED


LINKER GENERATED COPY TABLES

__TI_cinit_table @ 000011c0 records: 2, size/record: 8, table size: 16
	.data: load addr=00001198, load size=0000000f bytes, run addr=20000200, run size=00000014 bytes, compression=rle
	.bss: load addr=000011b8, load size=00000008 bytes, run addr=20000214, run size=0000000c bytes, compression=zero_init


LINKER GENERATED HANDLER TABLE

__TI_handler_table @ 000011a8 records: 3, size/record: 4, table size: 12
	index: 0, handler: __TI_decompress_rle24
	index: 1, handler: __TI_decompress_none
	index: 2, handler: __TI_zero_init


GLOBAL SYMBOLS: SORTED ALPHABETICALLY BY Name 

address   name                    
-------   ----                    
00000efd  C$$EXIT                 
00000f75  GPIODirModeSet          
000008f1  GPIOPadConfigSet        
00000eb5  GPIOPinConfigure        
00001087  GPIOPinRead             
00001021  GPIOPinTypePWM          
00000f9f  PWMGenConfigure         
00001063  PWMGenEnable            
00001045  PWMGenPeriodSet         
00001033  PWMOutputState          
00000fc1  PWMPulseWidthSet        
0000107b  ResetISR                
UNDEFED   SHT$$INIT_ARRAY$$Base   
UNDEFED   SHT$$INIT_ARRAY$$Limit  
00000a25  SysCtlClockGet          
00000b35  SysCtlClockSet          
0000108d  SysCtlDelay             
00000ff9  SysCtlPWMClockSet       
00000f41  SysCtlPeripheralEnable  
20000200  __STACK_END             
00000200  __STACK_SIZE            
20000200  __STACK_TOP             
000011c0  __TI_CINIT_Base         
000011d0  __TI_CINIT_Limit        
000011a8  __TI_Handler_Table_Base 
000011b4  __TI_Handler_Table_Limit
00000d41  __TI_auto_init          
20000208  __TI_cleanup_ptr        
00001055  __TI_decompress_none    
00001093  __TI_decompress_rle24   
2000020c  __TI_dtors_ptr          
00000000  __TI_static_base__      
0000106f  __TI_zero_init          
00000cc5  __aeabi_memclr          
00000cc5  __aeabi_memclr4         
00000cc5  __aeabi_memclr8         
00000c29  __aeabi_memcpy          
00000c29  __aeabi_memcpy4         
00000c29  __aeabi_memcpy8         
00000cc7  __aeabi_memset          
00000cc7  __aeabi_memset4         
00000cc7  __aeabi_memset8         
ffffffff  __binit__               
ffffffff  __c_args__              
20000000  __stack                 
00000fe1  _args_main              
00000e19  _c_int00                
20000200  _lock                   
0000101b  _nop                    
00001013  _register_lock          
0000100d  _register_unlock        
00001099  _system_pre_init        
20000204  _unlock                 
00000f01  abort                   
ffffffff  binit                   
00000e69  copy_in                 
0000026d  detectKeyPress          
00000f09  exit                    
00000000  g_pfnVectors            
000002c1  main                    
20000210  main_func_sp            
00000c29  memcpy                  
00000ccd  memset                  
20000214  num                     
20000218  state                   
2000021c  sw1                     


GLOBAL SYMBOLS: SORTED BY Symbol Address 

address   name                    
-------   ----                    
00000000  __TI_static_base__      
00000000  g_pfnVectors            
00000200  __STACK_SIZE            
0000026d  detectKeyPress          
000002c1  main                    
000008f1  GPIOPadConfigSet        
00000a25  SysCtlClockGet          
00000b35  SysCtlClockSet          
00000c29  __aeabi_memcpy          
00000c29  __aeabi_memcpy4         
00000c29  __aeabi_memcpy8         
00000c29  memcpy                  
00000cc5  __aeabi_memclr          
00000cc5  __aeabi_memclr4         
00000cc5  __aeabi_memclr8         
00000cc7  __aeabi_memset          
00000cc7  __aeabi_memset4         
00000cc7  __aeabi_memset8         
00000ccd  memset                  
00000d41  __TI_auto_init          
00000e19  _c_int00                
00000e69  copy_in                 
00000eb5  GPIOPinConfigure        
00000efd  C$$EXIT                 
00000f01  abort                   
00000f09  exit                    
00000f41  SysCtlPeripheralEnable  
00000f75  GPIODirModeSet          
00000f9f  PWMGenConfigure         
00000fc1  PWMPulseWidthSet        
00000fe1  _args_main              
00000ff9  SysCtlPWMClockSet       
0000100d  _register_unlock        
00001013  _register_lock          
0000101b  _nop                    
00001021  GPIOPinTypePWM          
00001033  PWMOutputState          
00001045  PWMGenPeriodSet         
00001055  __TI_decompress_none    
00001063  PWMGenEnable            
0000106f  __TI_zero_init          
0000107b  ResetISR                
00001087  GPIOPinRead             
0000108d  SysCtlDelay             
00001093  __TI_decompress_rle24   
00001099  _system_pre_init        
000011a8  __TI_Handler_Table_Base 
000011b4  __TI_Handler_Table_Limit
000011c0  __TI_CINIT_Base         
000011d0  __TI_CINIT_Limit        
20000000  __stack                 
20000200  __STACK_END             
20000200  __STACK_TOP             
20000200  _lock                   
20000204  _unlock                 
20000208  __TI_cleanup_ptr        
2000020c  __TI_dtors_ptr          
20000210  main_func_sp            
20000214  num                     
20000218  state                   
2000021c  sw1                     
ffffffff  __binit__               
ffffffff  __c_args__              
ffffffff  binit                   
UNDEFED   SHT$$INIT_ARRAY$$Base   
UNDEFED   SHT$$INIT_ARRAY$$Limit  

[66 symbols]
