******************************************************************************
                  TI ARM Linker PC v5.2.5                      
******************************************************************************
>> Linked Wed Feb 17 03:32:43 2016

OUTPUT FILE NAME:   <Lab4.out>
ENTRY POINT SYMBOL: "_c_int00"  address: 00000b95


MEMORY CONFIGURATION

         name            origin    length      used     unused   attr    fill
----------------------  --------  ---------  --------  --------  ----  --------
  FLASH                 00000000   00040000  00001196  0003ee6a  R  X
  SRAM                  20000000   00008000  00000224  00007ddc  RW X


SEGMENT ALLOCATION MAP

run origin  load origin   length   init length attrs members
----------  ----------- ---------- ----------- ----- -------
00000000    00000000    00001198   00001198    r-x
  00000000    00000000    0000026c   0000026c    r-- .intvecs
  0000026c    0000026c    00000cd2   00000cd2    r-x .text
  00000f40    00000f40    00000220   00000220    r-- .const
  00001160    00001160    00000038   00000038    r-- .cinit
20000000    20000000    00000224   00000000    rw-
  20000000    20000000    00000200   00000000    rw- .stack
  20000200    20000200    00000014   00000000    rw- .data
  20000214    20000214    00000010   00000000    rw- .bss


SECTION ALLOCATION MAP

 output                                  attributes/
section   page    origin      length       input sections
--------  ----  ----------  ----------   ----------------
.intvecs   0    00000000    0000026c     
                  00000000    0000026c     tm4c123gh6pm_startup_ccs.obj (.intvecs)

.text      0    0000026c    00000cd2     
                  0000026c    00000320     main.obj (.text)
                  0000058c    00000132     driverlib.lib : gpio.obj (.text:GPIOPadConfigSet)
                  000006be    00000002     --HOLE-- [fill = 0]
                  000006c0    00000110                   : sysctl.obj (.text:SysCtlClockGet)
                  000007d0    000000f4                   : sysctl.obj (.text:SysCtlClockSet)
                  000008c4    0000009c     rtsv7M4_T_le_v4SPD16_eabi.lib : memcpy_t2.obj (.text)
                  00000960    0000007a     driverlib.lib : adc.obj (.text:ADCSequenceStepConfigure)
                  000009da    0000007a     rtsv7M4_T_le_v4SPD16_eabi.lib : memset_t2.obj (.text)
                  00000a54    0000006c                                   : autoinit.obj (.text)
                  00000ac0    0000006a                                   : copy_decompress_rle.obj (.text)
                  00000b2a    00000002     --HOLE-- [fill = 0]
                  00000b2c    00000068     driverlib.lib : interrupt.obj (.text:IntEnable)
                  00000b94    00000050     rtsv7M4_T_le_v4SPD16_eabi.lib : boot.obj (.text)
                  00000be4    0000004c                                   : cpy_tbl.obj (.text)
                  00000c30    00000048     driverlib.lib : gpio.obj (.text:GPIOPinConfigure)
                  00000c78    00000046                   : uart.obj (.text:UARTConfigSetExpClk)
                  00000cbe    00000002     --HOLE-- [fill = 0]
                  00000cc0    00000044     rtsv7M4_T_le_v4SPD16_eabi.lib : exit.obj (.text)
                  00000d04    0000003e     driverlib.lib : adc.obj (.text:ADCSequenceConfigure)
                  00000d42    00000002     --HOLE-- [fill = 0]
                  00000d44    00000034                   : sysctl.obj (.text:SysCtlPeripheralEnable)
                  00000d78    0000002e                   : adc.obj (.text:ADCIntStatus)
                  00000da6    0000002a                   : gpio.obj (.text:GPIODirModeSet)
                  00000dd0    00000020                   : uart.obj (.text:UARTDisable)
                  00000df0    0000001e                   : adc.obj (.text:ADCSequenceDataGet)
                  00000e0e    00000018                   : adc.obj (.text:ADCProcessorTrigger)
                  00000e26    00000018                   : gpio.obj (.text:GPIOPinTypeGPIOOutput)
                  00000e3e    00000002     --HOLE-- [fill = 0]
                  00000e40    00000018     rtsv7M4_T_le_v4SPD16_eabi.lib : args_main.obj (.text)
                  00000e58    00000014     driverlib.lib : uart.obj (.text:UARTEnable)
                  00000e6c    00000014     rtsv7M4_T_le_v4SPD16_eabi.lib : _lock.obj (.text)
                  00000e80    00000012     driverlib.lib : gpio.obj (.text:GPIOPinTypeUART)
                  00000e92    00000010                   : interrupt.obj (.text:IntMasterEnable)
                  00000ea2    0000000e                   : adc.obj (.text:ADCSequenceEnable)
                  00000eb0    0000000e                   : uart.obj (.text:UARTCharGetNonBlocking)
                  00000ebe    0000000e                   : uart.obj (.text:UARTCharsAvail)
                  00000ecc    0000000e     rtsv7M4_T_le_v4SPD16_eabi.lib : copy_decompress_none.obj (.text:decompress:none)
                  00000eda    0000000c     driverlib.lib : cpu.obj (.text:CPUcpsie)
                  00000ee6    0000000c     rtsv7M4_T_le_v4SPD16_eabi.lib : copy_zero_init.obj (.text:decompress:ZI)
                  00000ef2    0000000c     tm4c123gh6pm_startup_ccs.obj (.text)
                  00000efe    0000000a     driverlib.lib : adc.obj (.text:ADCIntClear)
                  00000f08    0000000a                   : uart.obj (.text:UARTCharPut)
                  00000f12    0000000a                   : uart.obj (.text:UARTIntStatus)
                  00000f1c    00000008                   : uart.obj (.text:UARTIntEnable)
                  00000f24    00000006                   : gpio.obj (.text:GPIOPinWrite)
                  00000f2a    00000006                   : sysctl.obj (.text:SysCtlDelay)
                  00000f30    00000006     rtsv7M4_T_le_v4SPD16_eabi.lib : copy_decompress_rle.obj (.text:decompress:rle24)
                  00000f36    00000004     driverlib.lib : uart.obj (.text:UARTIntClear)
                  00000f3a    00000004     rtsv7M4_T_le_v4SPD16_eabi.lib : pre_init.obj (.text)

.const     0    00000f40    00000220     
                  00000f40    00000090     driverlib.lib : gpio.obj (.const:g_pui32GPIOBaseAddrs)
                  00000fd0    00000070                   : interrupt.obj (.const)
                  00001040    0000006c                   : sysctl.obj (.const:g_pui32Xtals)
                  000010ac    00000064     main.obj (.const:.string:$P$T2$3)
                  00001110    00000037     main.obj (.const:.string:$P$T0$1)
                  00001147    00000019     main.obj (.const:.string)

.cinit     0    00001160    00000038     
                  00001160    0000000f     (.cinit..data.load) [load image, compression = rle]
                  0000116f    00000001     --HOLE-- [fill = 0]
                  00001170    0000000c     (__TI_handler_table)
                  0000117c    00000004     --HOLE-- [fill = 0]
                  00001180    00000008     (.cinit..bss.load) [load image, compression = zero_init]
                  00001188    00000010     (__TI_cinit_table)

.init_array 
*          0    00000000    00000000     UNINITIALIZED

.stack     0    20000000    00000200     UNINITIALIZED
                  20000000    00000200     --HOLE--

.data      0    20000200    00000014     UNINITIALIZED
                  20000200    00000008     rtsv7M4_T_le_v4SPD16_eabi.lib : _lock.obj (.data)
                  20000208    00000008                                   : exit.obj (.data)
                  20000210    00000004                                   : stkdepth_vars.obj (.data)

.bss       0    20000214    00000010     UNINITIALIZED
                  20000214    00000004     (.common:settemp)
                  20000218    00000004     (.common:ui32TempAvg)
                  2000021c    00000004     (.common:ui32TempValueC)
                  20000220    00000004     (.common:ui32TempValueF)

.TI.persistent 
*          0    20000200    00000000     UNINITIALIZED

.TI.noinit 
*          0    20000214    00000000     UNINITIALIZED


LINKER GENERATED COPY TABLES

__TI_cinit_table @ 00001188 records: 2, size/record: 8, table size: 16
	.data: load addr=00001160, load size=0000000f bytes, run addr=20000200, run size=00000014 bytes, compression=rle
	.bss: load addr=00001180, load size=00000008 bytes, run addr=20000214, run size=00000010 bytes, compression=zero_init


LINKER GENERATED HANDLER TABLE

__TI_handler_table @ 00001170 records: 3, size/record: 4, table size: 12
	index: 0, handler: __TI_decompress_rle24
	index: 1, handler: __TI_decompress_none
	index: 2, handler: __TI_zero_init


GLOBAL SYMBOLS: SORTED ALPHABETICALLY BY Name 

address   name                    
-------   ----                    
00000eff  ADCIntClear             
00000d79  ADCIntStatus            
00000e0f  ADCProcessorTrigger     
00000d05  ADCSequenceConfigure    
00000df1  ADCSequenceDataGet      
00000ea3  ADCSequenceEnable       
00000961  ADCSequenceStepConfigure
00000cc1  C$$EXIT                 
00000edb  CPUcpsie                
00000da7  GPIODirModeSet          
0000058d  GPIOPadConfigSet        
00000c31  GPIOPinConfigure        
00000e27  GPIOPinTypeGPIOOutput   
00000e81  GPIOPinTypeUART         
00000f25  GPIOPinWrite            
00000b2d  IntEnable               
00000e93  IntMasterEnable         
00000ef3  ResetISR                
UNDEFED   SHT$$INIT_ARRAY$$Base   
UNDEFED   SHT$$INIT_ARRAY$$Limit  
000006c1  SysCtlClockGet          
000007d1  SysCtlClockSet          
00000f2b  SysCtlDelay             
00000d45  SysCtlPeripheralEnable  
00000eb1  UARTCharGetNonBlocking  
00000f09  UARTCharPut             
00000ebf  UARTCharsAvail          
00000c79  UARTConfigSetExpClk     
00000dd1  UARTDisable             
00000e59  UARTEnable              
00000f37  UARTIntClear            
00000f1d  UARTIntEnable           
0000044f  UARTIntHandler          
00000f13  UARTIntStatus           
20000200  __STACK_END             
00000200  __STACK_SIZE            
20000200  __STACK_TOP             
00001188  __TI_CINIT_Base         
00001198  __TI_CINIT_Limit        
00001170  __TI_Handler_Table_Base 
0000117c  __TI_Handler_Table_Limit
00000a55  __TI_auto_init          
20000208  __TI_cleanup_ptr        
00000ecd  __TI_decompress_none    
00000f31  __TI_decompress_rle24   
2000020c  __TI_dtors_ptr          
00000000  __TI_static_base__      
00000ee7  __TI_zero_init          
000009db  __aeabi_memclr          
000009db  __aeabi_memclr4         
000009db  __aeabi_memclr8         
000008c5  __aeabi_memcpy          
000008c5  __aeabi_memcpy4         
000008c5  __aeabi_memcpy8         
000009dd  __aeabi_memset          
000009dd  __aeabi_memset4         
000009dd  __aeabi_memset8         
ffffffff  __binit__               
ffffffff  __c_args__              
20000000  __stack                 
00000e41  _args_main              
00000b95  _c_int00                
20000200  _lock                   
00000e7b  _nop                    
00000e73  _register_lock          
00000e6d  _register_unlock        
00000f3b  _system_pre_init        
20000204  _unlock                 
00000cc5  abort                   
ffffffff  binit                   
00000be5  copy_in                 
00000ccd  exit                    
00000000  g_pfnVectors            
0000026d  main                    
20000210  main_func_sp            
000008c5  memcpy                  
000009e3  memset                  
20000214  settemp                 
20000218  ui32TempAvg             
2000021c  ui32TempValueC          
20000220  ui32TempValueF          


GLOBAL SYMBOLS: SORTED BY Symbol Address 

address   name                    
-------   ----                    
00000000  __TI_static_base__      
00000000  g_pfnVectors            
00000200  __STACK_SIZE            
0000026d  main                    
0000044f  UARTIntHandler          
0000058d  GPIOPadConfigSet        
000006c1  SysCtlClockGet          
000007d1  SysCtlClockSet          
000008c5  __aeabi_memcpy          
000008c5  __aeabi_memcpy4         
000008c5  __aeabi_memcpy8         
000008c5  memcpy                  
00000961  ADCSequenceStepConfigure
000009db  __aeabi_memclr          
000009db  __aeabi_memclr4         
000009db  __aeabi_memclr8         
000009dd  __aeabi_memset          
000009dd  __aeabi_memset4         
000009dd  __aeabi_memset8         
000009e3  memset                  
00000a55  __TI_auto_init          
00000b2d  IntEnable               
00000b95  _c_int00                
00000be5  copy_in                 
00000c31  GPIOPinConfigure        
00000c79  UARTConfigSetExpClk     
00000cc1  C$$EXIT                 
00000cc5  abort                   
00000ccd  exit                    
00000d05  ADCSequenceConfigure    
00000d45  SysCtlPeripheralEnable  
00000d79  ADCIntStatus            
00000da7  GPIODirModeSet          
00000dd1  UARTDisable             
00000df1  ADCSequenceDataGet      
00000e0f  ADCProcessorTrigger     
00000e27  GPIOPinTypeGPIOOutput   
00000e41  _args_main              
00000e59  UARTEnable              
00000e6d  _register_unlock        
00000e73  _register_lock          
00000e7b  _nop                    
00000e81  GPIOPinTypeUART         
00000e93  IntMasterEnable         
00000ea3  ADCSequenceEnable       
00000eb1  UARTCharGetNonBlocking  
00000ebf  UARTCharsAvail          
00000ecd  __TI_decompress_none    
00000edb  CPUcpsie                
00000ee7  __TI_zero_init          
00000ef3  ResetISR                
00000eff  ADCIntClear             
00000f09  UARTCharPut             
00000f13  UARTIntStatus           
00000f1d  UARTIntEnable           
00000f25  GPIOPinWrite            
00000f2b  SysCtlDelay             
00000f31  __TI_decompress_rle24   
00000f37  UARTIntClear            
00000f3b  _system_pre_init        
00001170  __TI_Handler_Table_Base 
0000117c  __TI_Handler_Table_Limit
00001188  __TI_CINIT_Base         
00001198  __TI_CINIT_Limit        
20000000  __stack                 
20000200  __STACK_END             
20000200  __STACK_TOP             
20000200  _lock                   
20000204  _unlock                 
20000208  __TI_cleanup_ptr        
2000020c  __TI_dtors_ptr          
20000210  main_func_sp            
20000214  settemp                 
20000218  ui32TempAvg             
2000021c  ui32TempValueC          
20000220  ui32TempValueF          
ffffffff  __binit__               
ffffffff  __c_args__              
ffffffff  binit                   
UNDEFED   SHT$$INIT_ARRAY$$Base   
UNDEFED   SHT$$INIT_ARRAY$$Limit  

[81 symbols]
