******************************************************************************
                  TI ARM Linker PC v5.2.5                      
******************************************************************************
>> Linked Tue Jan 26 22:50:40 2016

OUTPUT FILE NAME:   <Lab_1.out>
ENTRY POINT SYMBOL: "_c_int00"  address: 00000781


MEMORY CONFIGURATION

         name            origin    length      used     unused   attr    fill
----------------------  --------  ---------  --------  --------  ----  --------
  FLASH                 00000000   00040000  0000096c  0003f694  R  X
  SRAM                  20000000   00008000  00000218  00007de8  RW X


SEGMENT ALLOCATION MAP

run origin  load origin   length   init length attrs members
----------  ----------- ---------- ----------- ----- -------
00000000    00000000    00000970   00000970    r-x
  00000000    00000000    0000026c   0000026c    r-- .intvecs
  0000026c    0000026c    000006e0   000006e0    r-x .text
  00000950    00000950    00000020   00000020    r-- .cinit
20000000    20000000    00000218   00000000    rw-
  20000000    20000000    00000200   00000000    rw- .stack
  20000200    20000200    00000018   00000000    rw- .data


SECTION ALLOCATION MAP

 output                                  attributes/
section   page    origin      length       input sections
--------  ----  ----------  ----------   ----------------
.intvecs   0    00000000    0000026c     
                  00000000    0000026c     tm4c123gh6pm_startup_ccs.obj (.intvecs)

.text      0    0000026c    000006e0     
                  0000026c    00000132     driverlib.lib : gpio.obj (.text:GPIOPadConfigSet)
                  0000039e    00000002     --HOLE-- [fill = 0]
                  000003a0    000000fc     lab-1.obj (.text)
                  0000049c    000000f4     driverlib.lib : sysctl.obj (.text:SysCtlClockSet)
                  00000590    0000009c     rtsv7M4_T_le_v4SPD16_eabi.lib : memcpy_t2.obj (.text)
                  0000062c    0000007a                                   : memset_t2.obj (.text)
                  000006a6    00000002     --HOLE-- [fill = 0]
                  000006a8    0000006c                                   : autoinit.obj (.text)
                  00000714    0000006a                                   : copy_decompress_rle.obj (.text)
                  0000077e    00000002     --HOLE-- [fill = 0]
                  00000780    00000050                                   : boot.obj (.text)
                  000007d0    0000004c                                   : cpy_tbl.obj (.text)
                  0000081c    00000044                                   : exit.obj (.text)
                  00000860    00000034     driverlib.lib : sysctl.obj (.text:SysCtlPeripheralEnable)
                  00000894    0000002a                   : gpio.obj (.text:GPIODirModeSet)
                  000008be    00000018                   : gpio.obj (.text:GPIOPinTypeGPIOOutput)
                  000008d6    00000002     --HOLE-- [fill = 0]
                  000008d8    00000018     rtsv7M4_T_le_v4SPD16_eabi.lib : args_main.obj (.text)
                  000008f0    00000014                                   : _lock.obj (.text)
                  00000904    00000012     driverlib.lib : gpio.obj (.text:GPIOPinTypeGPIOInput)
                  00000916    0000000e     rtsv7M4_T_le_v4SPD16_eabi.lib : copy_decompress_none.obj (.text:decompress:none)
                  00000924    0000000c     tm4c123gh6pm_startup_ccs.obj (.text)
                  00000930    00000006     driverlib.lib : gpio.obj (.text:GPIOPinRead)
                  00000936    00000006                   : gpio.obj (.text:GPIOPinWrite)
                  0000093c    00000006                   : sysctl.obj (.text:SysCtlDelay)
                  00000942    00000006     rtsv7M4_T_le_v4SPD16_eabi.lib : copy_decompress_rle.obj (.text:decompress:rle24)
                  00000948    00000004                                   : pre_init.obj (.text)

.cinit     0    00000950    00000020     
                  00000950    0000000f     (.cinit..data.load) [load image, compression = rle]
                  0000095f    00000001     --HOLE-- [fill = 0]
                  00000960    00000008     (__TI_handler_table)
                  00000968    00000008     (__TI_cinit_table)

.init_array 
*          0    00000000    00000000     UNINITIALIZED

.stack     0    20000000    00000200     UNINITIALIZED
                  20000000    00000200     --HOLE--

.data      0    20000200    00000018     UNINITIALIZED
                  20000200    00000008     rtsv7M4_T_le_v4SPD16_eabi.lib : _lock.obj (.data)
                  20000208    00000008                                   : exit.obj (.data)
                  20000210    00000004     lab-1.obj (.data)
                  20000214    00000004     rtsv7M4_T_le_v4SPD16_eabi.lib : stkdepth_vars.obj (.data)

.TI.persistent 
*          0    20000200    00000000     UNINITIALIZED


LINKER GENERATED COPY TABLES

__TI_cinit_table @ 00000968 records: 1, size/record: 8, table size: 8
	.data: load addr=00000950, load size=0000000f bytes, run addr=20000200, run size=00000018 bytes, compression=rle


LINKER GENERATED HANDLER TABLE

__TI_handler_table @ 00000960 records: 2, size/record: 4, table size: 8
	index: 0, handler: __TI_decompress_rle24
	index: 1, handler: __TI_decompress_none


GLOBAL SYMBOLS: SORTED ALPHABETICALLY BY Name 

address   name                    
-------   ----                    
0000081d  C$$EXIT                 
00000895  GPIODirModeSet          
0000026d  GPIOPadConfigSet        
00000931  GPIOPinRead             
00000905  GPIOPinTypeGPIOInput    
000008bf  GPIOPinTypeGPIOOutput   
00000937  GPIOPinWrite            
00000925  ResetISR                
UNDEFED   SHT$$INIT_ARRAY$$Base   
UNDEFED   SHT$$INIT_ARRAY$$Limit  
0000049d  SysCtlClockSet          
0000093d  SysCtlDelay             
00000861  SysCtlPeripheralEnable  
20000200  __STACK_END             
00000200  __STACK_SIZE            
20000200  __STACK_TOP             
00000968  __TI_CINIT_Base         
00000970  __TI_CINIT_Limit        
00000960  __TI_Handler_Table_Base 
00000968  __TI_Handler_Table_Limit
000006a9  __TI_auto_init          
20000208  __TI_cleanup_ptr        
00000917  __TI_decompress_none    
00000943  __TI_decompress_rle24   
2000020c  __TI_dtors_ptr          
00000000  __TI_static_base__      
0000062d  __aeabi_memclr          
0000062d  __aeabi_memclr4         
0000062d  __aeabi_memclr8         
00000591  __aeabi_memcpy          
00000591  __aeabi_memcpy4         
00000591  __aeabi_memcpy8         
0000062f  __aeabi_memset          
0000062f  __aeabi_memset4         
0000062f  __aeabi_memset8         
ffffffff  __binit__               
ffffffff  __c_args__              
20000000  __stack                 
000008d9  _args_main              
00000781  _c_int00                
20000200  _lock                   
000008ff  _nop                    
000008f7  _register_lock          
000008f1  _register_unlock        
00000949  _system_pre_init        
20000204  _unlock                 
00000821  abort                   
ffffffff  binit                   
000007d1  copy_in                 
00000829  exit                    
00000000  g_pfnVectors            
000003b1  ledPinConfig            
000003eb  main                    
20000214  main_func_sp            
00000591  memcpy                  
00000635  memset                  
000003a1  setup                   
20000210  sw2Status               
000003bd  switchPinConfig         


GLOBAL SYMBOLS: SORTED BY Symbol Address 

address   name                    
-------   ----                    
00000000  __TI_static_base__      
00000000  g_pfnVectors            
00000200  __STACK_SIZE            
0000026d  GPIOPadConfigSet        
000003a1  setup                   
000003b1  ledPinConfig            
000003bd  switchPinConfig         
000003eb  main                    
0000049d  SysCtlClockSet          
00000591  __aeabi_memcpy          
00000591  __aeabi_memcpy4         
00000591  __aeabi_memcpy8         
00000591  memcpy                  
0000062d  __aeabi_memclr          
0000062d  __aeabi_memclr4         
0000062d  __aeabi_memclr8         
0000062f  __aeabi_memset          
0000062f  __aeabi_memset4         
0000062f  __aeabi_memset8         
00000635  memset                  
000006a9  __TI_auto_init          
00000781  _c_int00                
000007d1  copy_in                 
0000081d  C$$EXIT                 
00000821  abort                   
00000829  exit                    
00000861  SysCtlPeripheralEnable  
00000895  GPIODirModeSet          
000008bf  GPIOPinTypeGPIOOutput   
000008d9  _args_main              
000008f1  _register_unlock        
000008f7  _register_lock          
000008ff  _nop                    
00000905  GPIOPinTypeGPIOInput    
00000917  __TI_decompress_none    
00000925  ResetISR                
00000931  GPIOPinRead             
00000937  GPIOPinWrite            
0000093d  SysCtlDelay             
00000943  __TI_decompress_rle24   
00000949  _system_pre_init        
00000960  __TI_Handler_Table_Base 
00000968  __TI_CINIT_Base         
00000968  __TI_Handler_Table_Limit
00000970  __TI_CINIT_Limit        
20000000  __stack                 
20000200  __STACK_END             
20000200  __STACK_TOP             
20000200  _lock                   
20000204  _unlock                 
20000208  __TI_cleanup_ptr        
2000020c  __TI_dtors_ptr          
20000210  sw2Status               
20000214  main_func_sp            
ffffffff  __binit__               
ffffffff  __c_args__              
ffffffff  binit                   
UNDEFED   SHT$$INIT_ARRAY$$Base   
UNDEFED   SHT$$INIT_ARRAY$$Limit  

[59 symbols]
