******************************************************************************
                  TI ARM Linker PC v5.2.5                      
******************************************************************************
>> Linked Wed Apr 06 13:15:18 2016

OUTPUT FILE NAME:   <project.out>
ENTRY POINT SYMBOL: "_c_int00"  address: 00000a69


MEMORY CONFIGURATION

         name            origin    length      used     unused   attr    fill
----------------------  --------  ---------  --------  --------  ----  --------
  FLASH                 00000000   00040000  00000f28  0003f0d8  R  X
  SRAM                  20000000   00008000  00000245  00007dbb  RW X


SEGMENT ALLOCATION MAP

run origin  load origin   length   init length attrs members
----------  ----------- ---------- ----------- ----- -------
00000000    00000000    00000f28   00000f28    r-x
  00000000    00000000    0000026c   0000026c    r-- .intvecs
  0000026c    0000026c    00000b08   00000b08    r-x .text
  00000d74    00000d74    0000016c   0000016c    r-- .const
  00000ee0    00000ee0    00000048   00000048    r-- .cinit
20000000    20000000    00000245   00000000    rw-
  20000000    20000000    00000200   00000000    rw- .stack
  20000200    20000200    00000030   00000000    rw- .data
  20000230    20000230    00000015   00000000    rw- .bss


SECTION ALLOCATION MAP

 output                                  attributes/
section   page    origin      length       input sections
--------  ----  ----------  ----------   ----------------
.intvecs   0    00000000    0000026c     
                  00000000    0000026c     tm4c123gh6pm_startup_ccs.obj (.intvecs)

.text      0    0000026c    00000b08     
                  0000026c    00000300     main.obj (.text)
                  0000056c    00000132     driverlib.lib : gpio.obj (.text:GPIOPadConfigSet)
                  0000069e    00000002     --HOLE-- [fill = 0]
                  000006a0    00000110                   : sysctl.obj (.text:SysCtlClockGet)
                  000007b0    0000009c     rtsv7M4_T_le_v4SPD16_eabi.lib : memcpy_t2.obj (.text)
                  0000084c    0000007a                                   : memset_t2.obj (.text)
                  000008c6    00000002     --HOLE-- [fill = 0]
                  000008c8    0000006c                                   : autoinit.obj (.text)
                  00000934    0000006a                                   : copy_decompress_rle.obj (.text)
                  0000099e    00000002     --HOLE-- [fill = 0]
                  000009a0    00000068     driverlib.lib : interrupt.obj (.text:IntEnable)
                  00000a08    00000060                   : timer.obj (.text:TimerConfigure)
                  00000a68    00000050     rtsv7M4_T_le_v4SPD16_eabi.lib : boot.obj (.text)
                  00000ab8    0000004c                                   : cpy_tbl.obj (.text)
                  00000b04    00000048     driverlib.lib : gpio.obj (.text:GPIOPinConfigure)
                  00000b4c    00000046                   : uart.obj (.text:UARTConfigSetExpClk)
                  00000b92    00000002     --HOLE-- [fill = 0]
                  00000b94    00000044     rtsv7M4_T_le_v4SPD16_eabi.lib : exit.obj (.text)
                  00000bd8    00000034     driverlib.lib : sysctl.obj (.text:SysCtlPeripheralEnable)
                  00000c0c    0000002a                   : gpio.obj (.text:GPIODirModeSet)
                  00000c36    00000002     --HOLE-- [fill = 0]
                  00000c38    00000020                   : uart.obj (.text:UARTDisable)
                  00000c58    00000018                   : gpio.obj (.text:GPIOPinTypeGPIOOutput)
                  00000c70    00000018     rtsv7M4_T_le_v4SPD16_eabi.lib : args_main.obj (.text)
                  00000c88    00000014     driverlib.lib : uart.obj (.text:UARTEnable)
                  00000c9c    00000014     rtsv7M4_T_le_v4SPD16_eabi.lib : _lock.obj (.text)
                  00000cb0    00000012     driverlib.lib : gpio.obj (.text:GPIOPinTypeADC)
                  00000cc2    00000012                   : gpio.obj (.text:GPIOPinTypeUART)
                  00000cd4    00000012                   : timer.obj (.text:TimerLoadSet)
                  00000ce6    00000010                   : interrupt.obj (.text:IntMasterEnable)
                  00000cf6    0000000e                   : timer.obj (.text:TimerEnable)
                  00000d04    0000000e                   : uart.obj (.text:UARTCharsAvail)
                  00000d12    0000000e     rtsv7M4_T_le_v4SPD16_eabi.lib : copy_decompress_none.obj (.text:decompress:none)
                  00000d20    0000000c     driverlib.lib : cpu.obj (.text:CPUcpsie)
                  00000d2c    0000000c     rtsv7M4_T_le_v4SPD16_eabi.lib : copy_zero_init.obj (.text:decompress:ZI)
                  00000d38    0000000c     tm4c123gh6pm_startup_ccs.obj (.text)
                  00000d44    0000000a     driverlib.lib : uart.obj (.text:UARTCharGet)
                  00000d4e    0000000a                   : uart.obj (.text:UARTCharPut)
                  00000d58    00000008                   : timer.obj (.text:TimerIntEnable)
                  00000d60    00000006                   : sysctl.obj (.text:SysCtlDelay)
                  00000d66    00000006     rtsv7M4_T_le_v4SPD16_eabi.lib : copy_decompress_rle.obj (.text:decompress:rle24)
                  00000d6c    00000004     driverlib.lib : timer.obj (.text:TimerIntClear)
                  00000d70    00000004     rtsv7M4_T_le_v4SPD16_eabi.lib : pre_init.obj (.text)

.const     0    00000d74    0000016c     
                  00000d74    00000090     driverlib.lib : gpio.obj (.const:g_pui32GPIOBaseAddrs)
                  00000e04    00000070                   : interrupt.obj (.const)
                  00000e74    0000006c                   : sysctl.obj (.const:g_pui32Xtals)

.cinit     0    00000ee0    00000048     
                  00000ee0    00000022     (.cinit..data.load) [load image, compression = rle]
                  00000f02    00000002     --HOLE-- [fill = 0]
                  00000f04    0000000c     (__TI_handler_table)
                  00000f10    00000008     (.cinit..bss.load) [load image, compression = zero_init]
                  00000f18    00000010     (__TI_cinit_table)

.init_array 
*          0    00000000    00000000     UNINITIALIZED

.stack     0    20000000    00000200     UNINITIALIZED
                  20000000    00000200     --HOLE--

.data      0    20000200    00000030     UNINITIALIZED
                  20000200    0000001c     main.obj (.data)
                  2000021c    00000008     rtsv7M4_T_le_v4SPD16_eabi.lib : _lock.obj (.data)
                  20000224    00000008                                   : exit.obj (.data)
                  2000022c    00000004                                   : stkdepth_vars.obj (.data)

.bss       0    20000230    00000015     UNINITIALIZED
                  20000230    00000010     (.common:ui32ADC01Value)
                  20000240    00000004     (.common:t1)
                  20000244    00000001     (.common:c)

.TI.persistent 
*          0    20000200    00000000     UNINITIALIZED

.TI.noinit 
*          0    20000230    00000000     UNINITIALIZED


LINKER GENERATED COPY TABLES

__TI_cinit_table @ 00000f18 records: 2, size/record: 8, table size: 16
	.data: load addr=00000ee0, load size=00000022 bytes, run addr=20000200, run size=00000030 bytes, compression=rle
	.bss: load addr=00000f10, load size=00000008 bytes, run addr=20000230, run size=00000015 bytes, compression=zero_init


LINKER GENERATED HANDLER TABLE

__TI_handler_table @ 00000f04 records: 3, size/record: 4, table size: 12
	index: 0, handler: __TI_decompress_rle24
	index: 1, handler: __TI_decompress_none
	index: 2, handler: __TI_zero_init


GLOBAL SYMBOLS: SORTED ALPHABETICALLY BY Name 

address   name                    
-------   ----                    
00000b95  C$$EXIT                 
00000d21  CPUcpsie                
00000c0d  GPIODirModeSet          
0000056d  GPIOPadConfigSet        
00000b05  GPIOPinConfigure        
00000cb1  GPIOPinTypeADC          
00000c59  GPIOPinTypeGPIOOutput   
00000cc3  GPIOPinTypeUART         
000009a1  IntEnable               
00000ce7  IntMasterEnable         
20000218  LC                      
00000d39  ResetISR                
UNDEFED   SHT$$INIT_ARRAY$$Base   
UNDEFED   SHT$$INIT_ARRAY$$Limit  
000006a1  SysCtlClockGet          
00000d61  SysCtlDelay             
00000bd9  SysCtlPeripheralEnable  
0000026d  Timer0IntHandler        
00000a09  TimerConfigure          
00000cf7  TimerEnable             
00000d6d  TimerIntClear           
00000d59  TimerIntEnable          
00000cd5  TimerLoadSet            
00000d45  UARTCharGet             
00000d4f  UARTCharPut             
00000d05  UARTCharsAvail          
00000b4d  UARTConfigSetExpClk     
00000c39  UARTDisable             
00000c89  UARTEnable              
20000214  UC                      
20000200  __STACK_END             
00000200  __STACK_SIZE            
20000200  __STACK_TOP             
00000f18  __TI_CINIT_Base         
00000f28  __TI_CINIT_Limit        
00000f04  __TI_Handler_Table_Base 
00000f10  __TI_Handler_Table_Limit
000008c9  __TI_auto_init          
20000224  __TI_cleanup_ptr        
00000d13  __TI_decompress_none    
00000d67  __TI_decompress_rle24   
20000228  __TI_dtors_ptr          
00000000  __TI_static_base__      
00000d2d  __TI_zero_init          
0000084d  __aeabi_memclr          
0000084d  __aeabi_memclr4         
0000084d  __aeabi_memclr8         
000007b1  __aeabi_memcpy          
000007b1  __aeabi_memcpy4         
000007b1  __aeabi_memcpy8         
0000084f  __aeabi_memset          
0000084f  __aeabi_memset4         
0000084f  __aeabi_memset8         
ffffffff  __binit__               
ffffffff  __c_args__              
20000000  __stack                 
00000c71  _args_main              
00000a69  _c_int00                
2000021c  _lock                   
00000cab  _nop                    
00000ca3  _register_lock          
00000c9d  _register_unlock        
00000d71  _system_pre_init        
20000220  _unlock                 
20000210  a                       
00000b99  abort                   
ffffffff  binit                   
20000244  c                       
00000ab9  copy_in                 
2000020c  ctr                     
00000ba1  exit                    
00000000  g_pfnVectors            
20000204  lock                    
00000353  main                    
2000022c  main_func_sp            
000007b1  memcpy                  
00000855  memset                  
20000208  s                       
20000200  state                   
20000240  t1                      
20000230  ui32ADC01Value          


GLOBAL SYMBOLS: SORTED BY Symbol Address 

address   name                    
-------   ----                    
00000000  __TI_static_base__      
00000000  g_pfnVectors            
00000200  __STACK_SIZE            
0000026d  Timer0IntHandler        
00000353  main                    
0000056d  GPIOPadConfigSet        
000006a1  SysCtlClockGet          
000007b1  __aeabi_memcpy          
000007b1  __aeabi_memcpy4         
000007b1  __aeabi_memcpy8         
000007b1  memcpy                  
0000084d  __aeabi_memclr          
0000084d  __aeabi_memclr4         
0000084d  __aeabi_memclr8         
0000084f  __aeabi_memset          
0000084f  __aeabi_memset4         
0000084f  __aeabi_memset8         
00000855  memset                  
000008c9  __TI_auto_init          
000009a1  IntEnable               
00000a09  TimerConfigure          
00000a69  _c_int00                
00000ab9  copy_in                 
00000b05  GPIOPinConfigure        
00000b4d  UARTConfigSetExpClk     
00000b95  C$$EXIT                 
00000b99  abort                   
00000ba1  exit                    
00000bd9  SysCtlPeripheralEnable  
00000c0d  GPIODirModeSet          
00000c39  UARTDisable             
00000c59  GPIOPinTypeGPIOOutput   
00000c71  _args_main              
00000c89  UARTEnable              
00000c9d  _register_unlock        
00000ca3  _register_lock          
00000cab  _nop                    
00000cb1  GPIOPinTypeADC          
00000cc3  GPIOPinTypeUART         
00000cd5  TimerLoadSet            
00000ce7  IntMasterEnable         
00000cf7  TimerEnable             
00000d05  UARTCharsAvail          
00000d13  __TI_decompress_none    
00000d21  CPUcpsie                
00000d2d  __TI_zero_init          
00000d39  ResetISR                
00000d45  UARTCharGet             
00000d4f  UARTCharPut             
00000d59  TimerIntEnable          
00000d61  SysCtlDelay             
00000d67  __TI_decompress_rle24   
00000d6d  TimerIntClear           
00000d71  _system_pre_init        
00000f04  __TI_Handler_Table_Base 
00000f10  __TI_Handler_Table_Limit
00000f18  __TI_CINIT_Base         
00000f28  __TI_CINIT_Limit        
20000000  __stack                 
20000200  __STACK_END             
20000200  __STACK_TOP             
20000200  state                   
20000204  lock                    
20000208  s                       
2000020c  ctr                     
20000210  a                       
20000214  UC                      
20000218  LC                      
2000021c  _lock                   
20000220  _unlock                 
20000224  __TI_cleanup_ptr        
20000228  __TI_dtors_ptr          
2000022c  main_func_sp            
20000230  ui32ADC01Value          
20000240  t1                      
20000244  c                       
ffffffff  __binit__               
ffffffff  __c_args__              
ffffffff  binit                   
UNDEFED   SHT$$INIT_ARRAY$$Base   
UNDEFED   SHT$$INIT_ARRAY$$Limit  

[81 symbols]
